# 1 "dowhile_nested.c"
int main ( ) {
    int i ;
    int j ;
    i = 0 ;
__D1T: ;
    {
        j = 0 ;
    __D2T: ;
        {
            j = j + 1 ;
# 10 "dowhile_nested.c"
        }
    __D2C: ;
        if ( j < 3 ) {
            goto __D2T ;
        }
    __D2B: ;
        i = i + 1 ;
    }
__D1C: ;
    if ( i < 5 ) {
# 14 "dowhile_nested.c"
        goto __D1T ;
    }
__D1B: ;
    return i ;
}
