# 1 "empty_macro.c"
int a ;
int b0 ;
int b1 ;
int b2 ;
int b3 ;
int b4 ;
int b5 ;
int b6 ;
int b7 ;
int b8 ;
# 13 "empty_macro.c"
int b9 ;
int b10 ;
int b11 ;
int b12 ;
int b13 ;
int b14 ;
int b15 ;
int b16 ;
int b17 ;
int b18 ;
# 23 "empty_macro.c"
int b19 ;
int b20 ;
int b21 ;
int b22 ;
int b23 ;
int b24 ;
int b25 ;
int b26 ;
int b27 ;
int b28 ;
# 33 "empty_macro.c"
int b29 ;
int b30 ;
int b31 ;
int b32 ;
int b33 ;
int b34 ;
int b35 ;
int b36 ;
int b37 ;
int b38 ;
# 43 "empty_macro.c"
int b39 ;
int b40 ;
int b41 ;
int b42 ;
int b43 ;
int b44 ;
int b45 ;
int b46 ;
int b47 ;
int b48 ;
# 53 "empty_macro.c"
int b49 ;
int b50 ;
int b51 ;
int b52 ;
int b53 ;
int b54 ;
int b55 ;
int b56 ;
int b57 ;
int b58 ;
# 63 "empty_macro.c"
int b59 ;
int b60 ;
int b61 ;
int b62 ;
int b63 ;
int b64 ;
int b65 ;
int b66 ;
int b67 ;
int b68 ;
# 73 "empty_macro.c"
int b69 ;
int b70 ;
int b71 ;
int b72 ;
int b73 ;
int b74 ;
int b75 ;
int b76 ;
int b77 ;
int b78 ;
# 83 "empty_macro.c"
int b79 ;
int b80 ;
int b81 ;
int b82 ;
int b83 ;
int b84 ;
int b85 ;
int b86 ;
int b87 ;
int b88 ;
# 93 "empty_macro.c"
int b89 ;
int b90 ;
int b91 ;
int b92 ;
int b93 ;
int b94 ;
int b95 ;
int b96 ;
int b97 ;
int b98 ;
# 103 "empty_macro.c"
int b99 ;
int b100 ;
int b101 ;
int b102 ;
int b103 ;
int b104 ;
int b105 ;
int b106 ;
int b107 ;
int b108 ;
# 113 "empty_macro.c"
int b109 ;
int b110 ;
int b111 ;
int b112 ;
int b113 ;
int b114 ;
int b115 ;
int b116 ;
int b117 ;
int b118 ;
# 123 "empty_macro.c"
int b119 ;
int b120 ;
int b121 ;
int b122 ;
int b123 ;
int b124 ;
int b125 ;
int b126 ;
int b127 ;
int b128 ;
# 133 "empty_macro.c"
int b129 ;
int b130 ;
int b131 ;
int b132 ;
int b133 ;
int b134 ;
int b135 ;
int b136 ;
int b137 ;
int b138 ;
# 143 "empty_macro.c"
int b139 ;
int b140 ;
int b141 ;
int b142 ;
int b143 ;
int b144 ;
int b145 ;
int b146 ;
int b147 ;
int b148 ;
# 153 "empty_macro.c"
int b149 ;
int main ( ) {
    return a ;
}
