# 1 "nested.c"
int main ( ) {
    int i ;
    int j ;
    i = 0 ;
__F1T: ;
    if ( ! ( i < 5 ) ) {
        goto __F1B ;
    }
    {
        j = 0 ;
# 8 "nested.c"
    __F2T: ;
        if ( ! ( j < 5 ) ) {
            goto __F2B ;
        }
        {
            if ( j == 3 ) {
                goto __F2B ;
            }
        }
    __F2C: ;
# 13 "nested.c"
        j = j + 1 ;
        goto __F2T ;
    __F2B: ;
    }
__F1C: ;
    i = i + 1 ;
    goto __F1T ;
__F1B: ;
    return i ;
}
# 14 "nested.c"
