# 1 "switch_in_loop.c"
int main ( ) {
    int i ;
    int x ;
    x = 0 ;
    i = 0 ;
__F1T: ;
    if ( ! ( i < 10 ) ) {
        goto __F1B ;
    }
    {
# 7 "switch_in_loop.c"
        switch ( i ) {
            case 5 : goto __S2B ;
            default : x = x + i ;
            goto __S2B ;
        }
    __S2B: ;
        if ( i == 7 ) {
            goto __F1B ;
        }
    }
# 18 "switch_in_loop.c"
__F1C: ;
    i = i + 1 ;
    goto __F1T ;
__F1B: ;
    return x ;
}
