# 1 "multiline_for.c"
# +1
# +1
main ( ) {
# +1
int i ;
# +1
int x ;
# +1
# +1
# +1
# +1
# +1
{
# 7 "multiline_for.c"
i = # 8 "multiline_for.c"
0 ;
__F1T : ;
if ( ! ( i < # 9 "multiline_for.c"
10 ) ) {
goto __F1B ;
}
{
# +1
x = i ;
# +1
}
__F1C : ;
# 9 "multiline_for.c"
i = i # 10 "multiline_for.c"
+ 1 ;
goto __F1T ;
__F1B : ;
}
# +1
return x ;
# +1
}
