# 1 "multiline_for.c"
# +1
main ( ) 
# +1
{
# +1
int i ;
# +1
int x ;
# 11 "multiline_for.c"
{
# 7 "multiline_for.c"
i = 0 
# 11 "multiline_for.c"
;
__F1T: ;
if ( ! ( 
# 8 "multiline_for.c"
i < 10 
# 11 "multiline_for.c"
) ) {
goto __F1B ;
}
# 10 "multiline_for.c"
{
# +1
x = i ;
# +1
}
# +1
__F1C: ;
# 9 "multiline_for.c"
i = i + 1 
# 13 "multiline_for.c"
;
goto __F1T ;
__F1B: ;
}
return x ;
# +1
}
