# 1 "spill_nested.c"
int main ( ) {
    int i ;
    int j ;
    int x ;
    x = 0 ;
    i = 0 ;
__F1T: ;
    if ( ! ( i < 5 ) ) {
        goto __F1B ;
    }
# 10 "spill_nested.c"
    {
        x = x + 1 ;
        x = x + 2 ;
        x = x + 3 ;
        j = 0 ;
    __F2T: ;
        if ( ! ( j < 5 ) ) {
            goto __F2B ;
        }
        {
# 13 "spill_nested.c"
            x = x + 10 ;
            x = x + 11 ;
            x = x + 12 ;
            x = x + 13 ;
            x = x + 14 ;
            x = x + 15 ;
            x = x + 16 ;
            x = x + 17 ;
            x = x + 18 ;
            x = x + 19 ;
# 24 "spill_nested.c"
            x = x + 20 ;
            x = x + 21 ;
            x = x + 22 ;
            x = x + 23 ;
            x = x + 24 ;
            x = x + 25 ;
            x = x + 26 ;
            x = x + 27 ;
            x = x + 28 ;
            x = x + 29 ;
# 34 "spill_nested.c"
            x = x + 30 ;
            x = x + 31 ;
            x = x + 32 ;
            x = x + 33 ;
            x = x + 34 ;
            x = x + 35 ;
            x = x + 36 ;
            x = x + 37 ;
            x = x + 38 ;
            x = x + 39 ;
# 44 "spill_nested.c"
            x = x + 40 ;
        }
    __F2C: ;
        j = j + 1 ;
        goto __F2T ;
    __F2B: ;
        x = x + 4 ;
        x = x + 5 ;
        x = x + 6 ;
        x = x + 7 ;
# 51 "spill_nested.c"
        x = x + 8 ;
        x = x + 9 ;
    }
__F1C: ;
    i = i + 1 ;
    goto __F1T ;
__F1B: ;
    return x ;
}
