# 1 "spill_while.c"
# +1
main ( ) 
# +1
{
# +1
int x ;
# +1
x = 0 ;
# 8 "spill_while.c"
{
__W1T: ;
if ( ! ( 
# 6 "spill_while.c"
x < 100 
# 8 "spill_while.c"
) ) {
goto __W1B ;
}
# 6 "spill_while.c"
{
# 8 "spill_while.c"
x = x + 1 ;
# +1
x = x + 2 ;
# +1
x = x + 3 ;
# +1
x = x + 4 ;
# +1
x = x + 5 ;
# +1
x = x + 6 ;
# +1
x = x + 7 ;
# +1
x = x + 8 ;
# +1
x = x + 9 ;
# +1
x = x + 10 ;
# +1
x = x + 11 ;
# +1
x = x + 12 ;
# +1
x = x + 13 ;
# +1
x = x + 14 ;
# +1
x = x + 15 ;
# +1
x = x + 16 ;
# +1
x = x + 17 ;
# +1
x = x + 18 ;
# +1
x = x + 19 ;
# +1
x = x + 20 ;
# +1
x = x + 21 ;
# +1
x = x + 22 ;
# +1
x = x + 23 ;
# +1
x = x + 24 ;
# +1
x = x + 25 ;
# +1
x = x + 26 ;
# +1
x = x + 27 ;
# +1
x = x + 28 ;
# +1
x = x + 29 ;
# +1
x = x + 30 ;
# +1
x = x + 31 ;
# +1
x = x + 32 ;
# +1
x = x + 33 ;
# +1
x = x + 34 ;
# +1
x = x + 35 ;
# +1
x = x + 36 ;
# +1
x = x + 37 ;
# +1
x = x + 38 ;
# +1
x = x + 39 ;
# +1
x = x + 40 ;
# +1
x = x + 41 ;
# +1
x = x + 42 ;
# +1
x = x + 43 ;
# +1
x = x + 44 ;
# +1
x = x + 45 ;
# +1
x = x + 46 ;
# +1
x = x + 47 ;
# +1
x = x + 48 ;
# +1
x = x + 49 ;
# +1
x = x + 50 ;
# +1
}
# +1
goto __W1T ;
__W1B: ;
}
return x ;
# +1
}
