# 1 "spill_while.c"
main ( ) {
    int x ;
    x = 0 ;
__W1T: ;
    if ( ! ( x < 100 ) ) {
        goto __W1B ;
    }
    {
        x = x + 1 ;
        x = x + 2 ;
# 9 "spill_while.c"
        x = x + 3 ;
        x = x + 4 ;
        x = x + 5 ;
        x = x + 6 ;
        x = x + 7 ;
        x = x + 8 ;
        x = x + 9 ;
        x = x + 10 ;
        x = x + 11 ;
        x = x + 12 ;
# 19 "spill_while.c"
        x = x + 13 ;
        x = x + 14 ;
        x = x + 15 ;
        x = x + 16 ;
        x = x + 17 ;
        x = x + 18 ;
        x = x + 19 ;
        x = x + 20 ;
        x = x + 21 ;
        x = x + 22 ;
# 29 "spill_while.c"
        x = x + 23 ;
        x = x + 24 ;
        x = x + 25 ;
        x = x + 26 ;
        x = x + 27 ;
        x = x + 28 ;
        x = x + 29 ;
        x = x + 30 ;
        x = x + 31 ;
        x = x + 32 ;
# 39 "spill_while.c"
        x = x + 33 ;
        x = x + 34 ;
        x = x + 35 ;
        x = x + 36 ;
        x = x + 37 ;
        x = x + 38 ;
        x = x + 39 ;
        x = x + 40 ;
        x = x + 41 ;
        x = x + 42 ;
# 49 "spill_while.c"
        x = x + 43 ;
        x = x + 44 ;
        x = x + 45 ;
        x = x + 46 ;
        x = x + 47 ;
        x = x + 48 ;
        x = x + 49 ;
        x = x + 50 ;
    }
    goto __W1T ;
# 59 "spill_while.c"
__W1B: ;
    return x ;
}
