# 1 "spill_for.c"
# +1
# +1
main ( ) {
# +1
int i ;
# +1
int x ;
# +1
x = 0 ;
# +1
{
# 7 "spill_for.c"
i = 0 ;
__F1T : ;
if ( ! ( i < 10 ) ) {
goto __F1B ;
}
{
# 9 "spill_for.c"
x = x + 1 ;
# +1
x = x + 2 ;
# +1
x = x + 3 ;
# +1
x = x + 4 ;
# +1
x = x + 5 ;
# +1
x = x + 6 ;
# +1
x = x + 7 ;
# +1
x = x + 8 ;
# +1
x = x + 9 ;
# +1
x = x + 10 ;
# +1
x = x + 11 ;
# +1
x = x + 12 ;
# +1
x = x + 13 ;
# +1
x = x + 14 ;
# +1
x = x + 15 ;
# +1
x = x + 16 ;
# +1
x = x + 17 ;
# +1
x = x + 18 ;
# +1
x = x + 19 ;
# +1
x = x + 20 ;
# +1
x = x + 21 ;
# +1
x = x + 22 ;
# +1
x = x + 23 ;
# +1
x = x + 24 ;
# +1
x = x + 25 ;
# +1
x = x + 26 ;
# +1
x = x + 27 ;
# +1
x = x + 28 ;
# +1
x = x + 29 ;
# +1
x = x + 30 ;
# +1
x = x + 31 ;
# +1
x = x + 32 ;
# +1
x = x + 33 ;
# +1
x = x + 34 ;
# +1
x = x + 35 ;
# +1
x = x + 36 ;
# +1
x = x + 37 ;
# +1
x = x + 38 ;
# +1
x = x + 39 ;
# +1
x = x + 40 ;
# +1
x = x + 41 ;
# +1
x = x + 42 ;
# +1
x = x + 43 ;
# +1
x = x + 44 ;
# +1
x = x + 45 ;
# +1
x = x + 46 ;
# +1
x = x + 47 ;
# +1
x = x + 48 ;
# +1
x = x + 49 ;
# +1
x = x + 50 ;
# +1
}
__F1C : ;
# 7 "spill_for.c"
i = i + 1 ;
goto __F1T ;
__F1B : ;
}
# +1
return x ;
# +1
}
