# 1 "switch_in_loop.c"
# +1
# +1
main ( ) {
# +1
int i ;
# +1
int x ;
# +1
x = 0 ;
# +1
{
# 7 "switch_in_loop.c"
i = 0 ;
__F1T : ;
if ( ! ( i < 10 ) ) {
goto __F1B ;
}
{
# +1
switch ( i ) {
# +1
case 5 : # +1
break ;
# +1
default : # +1
x = x + i ;
# +1
break ;
# +1
}
# +1
if ( i == 7 ) {
# +1
goto __F1B ;
# +1
}
# +1
}
__F1C : ;
# 7 "switch_in_loop.c"
i = i + 1 ;
goto __F1T ;
__F1B : ;
}
# +1
return x ;
# +1
}
